[botshock.digital-camp.com/botshock/index.html]
[backblue.gif]
[fade.gif]
[index.html]
[botshock.digital-camp.com/botshock/deal/rss/Hong+Kong]
[botshock.digital-camp.com/botshock/apple-touch-icon.png]
[botshock.digital-camp.com/botshock/favicon-32x32.png]
[botshock.digital-camp.com/botshock/favicon-16x16.png]
[botshock.digital-camp.com/botshock/manifest.json]
[botshock.digital-camp.com/botshock/assets/c865fc81/deal.side.css]
[botshock.digital-camp.com/botshock/themes/botshock/css/style.css]
[botshock.digital-camp.com/botshock/assets/d26e2751/jquery.scrollTo-min.js]
[botshock.digital-camp.com/botshock/assets/d26e2751/jquery.uniprogy.js]
[botshock.digital-camp.com/botshock/assets/d26e2751/jquery.uniprogy.binds.js]
[botshock.digital-camp.com/botshock/assets/2079752/facebook.js]
[cdnjs.cloudflare.com/ajax/libs/jquery-easing/1.3/jquery.easing.min.js]
[cdnjs.cloudflare.com/ajax/libs/modernizr/2.8.3/modernizr.min.js]
[botshock.digital-camp.com/botshock/themes/botshock/js/function.js]
[botshock.digital-camp.com/botshock/themes/botshock/js/anime.min.js]
[botshock.digital-camp.com/botshock/themes/botshock/js/jquery.countdown.min.js]
[botshock.digital-camp.com/botshock/themes/botshock/js/main.js]
[botshock.digital-camp.com/botshock/index-2.html]
[botshock.digital-camp.com/botshock/user/restore.html]
[botshock.digital-camp.com/botshock/index.html]
[botshock.digital-camp.com/botshock/safari-pinned-tab.svg]
[botshock.digital-camp.com/botshock/assets/c865fc81/deal.side.css]
[botshock.digital-camp.com/botshock/themes/botshock/js/page.js]
[botshock.digital-camp.com/botshock/themes/botshock/fonts/NexaBoldd41d.eot]
[botshock.digital-camp.com/botshock/themes/botshock/fonts/NexaBold.otf]
[cdnjs.cloudflare.com/ajax/libs/Chart.js/2.2.0/Chart.min.js]
[botshock.digital-camp.com/botshock/themes/botshock/fonts/NexaBold.woff]
[botshock.digital-camp.com/botshock/assets/ba0f4d8d/jquery.js]
[botshock.digital-camp.com/botshock/themes/botshock/fonts/NexaBold.ttf]
[botshock.digital-camp.com/botshock/themes/botshock/fonts/NexaLightd41d.eot]
[botshock.digital-camp.com/botshock/themes/botshock/fonts/NexaLight.otf]
[botshock.digital-camp.com/botshock/themes/botshock/fonts/NexaLight.woff]
[botshock.digital-camp.com/botshock/themes/botshock/fonts/NexaLight.ttf]
[botshock.digital-camp.com/botshock/themes/botshock/fonts/botshock0324.eot]
[botshock.digital-camp.com/botshock/themes/botshock/fonts/botshock0324.ttf]
[botshock.digital-camp.com/botshock/themes/botshock/fonts/botshock0324.woff]
[botshock.digital-camp.com/botshock/themes/botshock/images/bg-about.jpg]
[botshock.digital-camp.com/botshock/themes/botshock/images/tri.png]
[botshock.digital-camp.com/botshock/themes/botshock/images/tri-down.png]
[botshock.digital-camp.com/botshock/themes/botshock/images/tri-down-m.png]
[botshock.digital-camp.com/botshock/themes/botshock/images/line.png]
[botshock.digital-camp.com/botshock/themes/botshock/css/style.css]
[botshock.digital-camp.com/botshock/index-2.html]
[botshock.digital-camp.com/botshock/themes/botshock/images/logo-white.svg]
[botshock.digital-camp.com/botshock/user/restore.html]
[botshock.digital-camp.com/botshock/themes/botshock/fonts/NexaBold.svg]
[botshock.digital-camp.com/botshock/themes/botshock/fonts/NexaLight.svg]
[botshock.digital-camp.com/botshock/themes/botshock/fonts/botshock0324.svg]
[botshock.digital-camp.com/botshock/themes/botshock/images/bg-arrow-line.svg]
[botshock.digital-camp.com/botshock/themes/botshock/images/icon-money.svg]
[botshock.digital-camp.com/botshock/user/index.html]
